Microchip MPLAB XC8 Compiler V2.31

Linker command line:

-W-3 --edf=C:\Program Files\Microchip\xc8\v2.31\pic\dat\en_msgs.txt -cn \
  -h+dist/default/production\MASTER.X.production.sym \
  --cmf=dist/default/production\MASTER.X.production.cmf -z -Q16F887 \
  -oC:\Users\maqui\AppData\Local\Temp\slgs.2 --defsym=__MPLAB_BUILD=1 \
  -Mdist/default/production/MASTER.X.production.map -E1 -ver=XC8 Compiler \
  --acfsm=1493 -ASTACK=0110h-016Fh -pstack=STACK -ACODE=00h-07FFhx4 \
  -ASTRCODE=00h-01FFFh -ASTRING=00h-0FFhx32 -ACONST=00h-0FFhx32 \
  -AENTRY=00h-0FFhx32 -ACOMMON=070h-07Fh -ABANK0=020h-06Fh \
  -ABANK1=0A0h-0EFh -ABANK2=0110h-016Fh -ABANK3=0190h-01EFh \
  -ARAM=020h-06Fh,0A0h-0EFh,0110h-016Fh,0190h-01EFh \
  -AABS1=020h-07Fh,0A0h-0EFh,0110h-016Fh,0190h-01EFh -ASFR0=00h-01Fh \
  -ASFR1=080h-09Fh -ASFR2=0100h-010Fh -ASFR3=0180h-018Fh \
  -ACONFIG=02007h-02008h -DCONFIG=2 -AIDLOC=02000h-02003h -DIDLOC=2 \
  -AEEDATA=00h-0FFh/02100h -peeprom_data=EEDATA -DEEDATA=2 -DCODE=2 \
  -DSTRCODE=2 -DSTRING=2 -DCONST=2 -DENTRY=2 \
  -preset_vec=00h,intentry=04h,init,end_init -ppowerup=CODE -pcinit=CODE \
  -pfunctab=ENTRY -k C:\Users\maqui\AppData\Local\Temp\slgs.o \
  dist/default/production\MASTER.X.production.o 

Object code version is 3.11

Machine type is 16F887



                Name                               Link     Load   Length Selector   Space Scale
C:\Users\maqui\AppData\Local\Temp\slgs.o
                end_init                              C        C        3        8       0
                reset_vec                             0        0        3        0       0
                config                             2007     2007        2        0       4
dist/default/production\MASTER.X.production.o
                cinit                                 F        F        C        8       0
                intentry                              4        4        8        8       0
                config                             2007     2007        2        0       4
                text13                              E77      E77        7     1CEE       0
                text12                              EA4      EA4       14     1D48       0
                text11                              E7E      E7E        7     1CFC       0
                text10                              607      607       77        8       0
                text9                               EB8      EB8       16     1D70       0
                text8                               6C4      6C4       2A        8       0
                text7                               E85      E85        7     1D0A       0
                text6                               E8C      E8C        9     1D18       0
                text5                               E71      E71        6     1CE2       0
                text4                               E95      E95        F     1D2A       0
                text3                               67E      67E       46        8       0
                text2                               ECE      ECE       24     1D9C       0
                text1                                1B       1B      5EC        8       0
                maintext                            EF2      EF2      10E     1DE4       0
                cstackBANK0                          20       20        5       20       1
                cstackCOMMON                         70       70        A       70       1
                bssBANK0                             25       25        4       20       1
                bssCOMMON                            7A       7A        2       70       1
                stringtext                          700      700      111        E       0
                strings                             6EE      6EE       12      DDC       0
                nvBANK0                              29       29        1       20       1

TOTAL           Name                               Link     Load   Length     Space
        CLASS   STACK          

        CLASS   CODE           
                end_init                              C        C        3         0
                cinit                                 F        F        C         0
                intentry                              4        4        8         0
                reset_vec                             0        0        3         0
                text13                              E77      E77        7         0
                text12                              EA4      EA4       14         0
                text11                              E7E      E7E        7         0
                text10                              607      607       77         0
                text9                               EB8      EB8       16         0
                text8                               6C4      6C4       2A         0
                text7                               E85      E85        7         0
                text6                               E8C      E8C        9         0
                text5                               E71      E71        6         0
                text4                               E95      E95        F         0
                text3                               67E      67E       46         0
                text2                               ECE      ECE       24         0
                text1                                1B       1B      5EC         0
                maintext                            EF2      EF2      10E         0

        CLASS   STRCODE        
                stringtext                          700      700      111         0

        CLASS   STRING         
                strings                             6EE      6EE       12         0

        CLASS   CONST          

        CLASS   ENTRY          

        CLASS   COMMON         
                cstackCOMMON                         70       70        A         1
                bssCOMMON                            7A       7A        2         1

        CLASS   BANK0          
                cstackBANK0                          20       20        5         1
                bssBANK0                             25       25        4         1
                nvBANK0                              29       29        1         1

        CLASS   BANK1          

        CLASS   BANK2          

        CLASS   BANK3          

        CLASS   RAM            

        CLASS   ABS1           
                abs_s1                               7E       7E        2         1

        CLASS   SFR0           

        CLASS   SFR1           

        CLASS   SFR2           

        CLASS   SFR3           

        CLASS   CONFIG         
                config                             2007     2007        2         4

        CLASS   IDLOC          

        CLASS   EEDATA         



SEGMENTS        Name                           Load    Length   Top    Selector   Space  Class     Delta

                reset_vec                      000000  000003  000003         0       0  CODE        2
                intentry                       000004  0006EA  0006EE         8       0  CODE        2
                cstackBANK0                    000020  00000A  00002A        20       1  BANK0       1
                cstackCOMMON                   000070  00000C  00007C        70       1  COMMON      1
                strings                        0006EE  000012  000700       DDC       0  STRING      2
                stringtext                     000700  000111  000811         E       0  STRCODE     2
                text5                          000E71  000006  000E77      1CE2       0  CODE        2
                text13                         000E77  000007  000E7E      1CEE       0  CODE        2
                text11                         000E7E  000007  000E85      1CFC       0  CODE        2
                text7                          000E85  000007  000E8C      1D0A       0  CODE        2
                text6                          000E8C  000009  000E95      1D18       0  CODE        2
                text4                          000E95  00000F  000EA4      1D2A       0  CODE        2
                text12                         000EA4  000014  000EB8      1D48       0  CODE        2
                text9                          000EB8  000016  000ECE      1D70       0  CODE        2
                text2                          000ECE  000024  000EF2      1D9C       0  CODE        2
                maintext                       000EF2  00010E  001000      1DE4       0  CODE        2


UNUSED ADDRESS RANGES

        Name                Unused          Largest block    Delta
        BANK0            002A-006F             46           1
        BANK1            00A0-00EF             50           1
        BANK2            0110-016F             60           1
        BANK3            0190-01EF             60           1
        CODE             0003-0003              1           2
                         0811-0E70            660
                         1000-1FFF            800
        COMMON           007C-007D              2           1
        CONST            0003-0003              1           2
                         0811-0E70            100
                         1000-1FFF            100
        EEDATA           2100-21FF            100           2
        ENTRY            0003-0003              1           2
                         0811-0E70            100
                         1000-1FFF            100
        IDLOC            2000-2003              4           2
        RAM              002A-006F             46           1
                         00A0-00EF             50
                         0110-016F             60
                         0190-01EF             60
        SFR0             0000-001F             20           1
        SFR1             0080-009F             20           1
        SFR2             0100-010F             10           1
        SFR3             0180-018F             10           1
        STACK            0110-016F             60           1
        STRCODE          0003-0003              1           2
                         0811-0E70            660
                         1000-1FFF           1000
        STRING           0003-0003              1           2
                         0811-0E70            100
                         1000-1FFF            100

                                  Symbol Table

LCD_Wchar@c              cstackCOMMON 0073
LCD_Wstring@i            cstackBANK0  0020
LCD_Wstring@v            cstackCOMMON 0074
LCD_cmd@cmd              cstackCOMMON 0074
LCD_cursor@a             cstackCOMMON 0078
LCD_cursor@x             cstackCOMMON 0077
LCD_cursor@y             cstackCOMMON 0075
_ANSEL                   (abs)        0188
_ANSELH                  (abs)        0189
_ISR                     text13       0E77
_LCD_Wchar               text4        0E95
_LCD_Wstring             text3        067E
_LCD_clear               text11       0E7E
_LCD_cmd                 text12       0EA4
_LCD_cursor              text2        0ECE
_LCD_ini                 text10       0607
_PORTB                   (abs)        0006
_PORTCbits               (abs)        0007
_PORTD                   (abs)        0008
_PORTE                   (abs)        0009
_PORTEbits               (abs)        0009
_SSPBUF                  (abs)        0013
_SSPCON                  (abs)        0014
_SSPSTAT                 (abs)        0094
_SSPSTATbits             (abs)        0094
_TRISB                   (abs)        0086
_TRISC1                  (abs)        0439
_TRISC2                  (abs)        043A
_TRISC3                  (abs)        043B
_TRISC5                  (abs)        043D
_TRISCbits               (abs)        0087
_TRISD                   (abs)        0088
_TRISE                   (abs)        0089
__Habs1                  abs1         0000
__Hbank0                 bank0        0000
__Hbank1                 bank1        0000
__Hbank2                 bank2        0000
__Hbank3                 bank3        0000
__HbssBANK0              bssBANK0     0000
__HbssCOMMON             bssCOMMON    0000
__Hcinit                 cinit        001B
__Hclrtext               clrtext      0000
__Hcode                  code         0000
__Hcommon                common       0000
__Hconfig                config       2009
__HcstackBANK0           cstackBANK0  0000
__HcstackCOMMON          cstackCOMMON 0000
__Heeprom_data           eeprom_data  0000
__Hend_init              end_init     000F
__Hfunctab               functab      0000
__Hinit                  init         000C
__Hintentry              intentry     000C
__Hmaintext              maintext     0000
__HnvBANK0               nvBANK0      0000
__Hpowerup               powerup      0000
__Hram                   ram          0000
__Hreset_vec             reset_vec    0003
__Hsfr0                  sfr0         0000
__Hsfr1                  sfr1         0000
__Hsfr2                  sfr2         0000
__Hsfr3                  sfr3         0000
__Hspace_0               (abs)        1000
__Hspace_1               (abs)        007C
__Hspace_2               (abs)        0000
__Hspace_3               (abs)        0000
__Hspace_4               (abs)        4010
__Hstack                 stack        0000
__Hstrings               strings      0000
__Hstringtext            stringtext   0000
__Htext                  text         0000
__Labs1                  abs1         0000
__Lbank0                 bank0        0000
__Lbank1                 bank1        0000
__Lbank2                 bank2        0000
__Lbank3                 bank3        0000
__LbssBANK0              bssBANK0     0000
__LbssCOMMON             bssCOMMON    0000
__Lcinit                 cinit        000F
__Lclrtext               clrtext      0000
__Lcode                  code         0000
__Lcommon                common       0000
__Lconfig                config       0000
__LcstackBANK0           cstackBANK0  0000
__LcstackCOMMON          cstackCOMMON 0000
__Leeprom_data           eeprom_data  0000
__Lend_init              end_init     000C
__Lfunctab               functab      0000
__Linit                  init         000C
__Lintentry              intentry     0004
__Lmaintext              maintext     0000
__LnvBANK0               nvBANK0      0000
__Lpowerup               powerup      0000
__Lram                   ram          0000
__Lreset_vec             reset_vec    0000
__Lsfr0                  sfr0         0000
__Lsfr1                  sfr1         0000
__Lsfr2                  sfr2         0000
__Lsfr3                  sfr3         0000
__Lspace_0               (abs)        0000
__Lspace_1               (abs)        0000
__Lspace_2               (abs)        0000
__Lspace_3               (abs)        0000
__Lspace_4               (abs)        0000
__Lstack                 stack        0000
__Lstrings               strings      0000
__Lstringtext            stringtext   0000
__Ltext                  text         0000
__S0                     (abs)        1000
__S1                     (abs)        007C
__S2                     (abs)        0000
__S3                     (abs)        0000
___int_sp                stack        0000
___latbits               (abs)        0002
___sp                    stack        0000
___stackhi               (abs)        0000
___stacklo               (abs)        0000
__end_of_ISR             text13       0E7E
__end_of_LCD_Wchar       text4        0EA4
__end_of_LCD_Wstring     text3        06C4
__end_of_LCD_clear       text11       0E85
__end_of_LCD_cmd         text12       0EB8
__end_of_LCD_cursor      text2        0EF2
__end_of_LCD_ini         text10       067E
__end_of__initialization cinit        0017
__end_of__stringtab      strings      0700
__end_of_main            maintext     1000
__end_of_setup           text8        06EE
__end_of_spiInit         text9        0ECE
__end_of_spiRead         text6        0E95
__end_of_spiReceiveWait  text7        0E8C
__end_of_spiWrite        text5        0E77
__end_of_transformADC    text1        0607
__initialization         cinit        000F
__pbssBANK0              bssBANK0     0025
__pbssCOMMON             bssCOMMON    007A
__pcstackBANK0           cstackBANK0  0020
__pcstackCOMMON          cstackCOMMON 0070
__pintentry              intentry     0004
__pmaintext              maintext     0EF2
__pnvBANK0               nvBANK0      0029
__pstrings               strings      06EE
__pstringtext            stringtext   0700
__ptext1                 text1        001B
__ptext10                text10       0607
__ptext11                text11       0E7E
__ptext12                text12       0EA4
__ptext13                text13       0E77
__ptext2                 text2        0ECE
__ptext3                 text3        067E
__ptext4                 text4        0E95
__ptext5                 text5        0E71
__ptext6                 text6        0E8C
__ptext7                 text7        0E85
__ptext8                 text8        06C4
__ptext9                 text9        0EB8
__size_of_ISR            (abs)        0000
__size_of_LCD_Wchar      (abs)        0000
__size_of_LCD_Wstring    (abs)        0000
__size_of_LCD_clear      (abs)        0000
__size_of_LCD_cmd        (abs)        0000
__size_of_LCD_cursor     (abs)        0000
__size_of_LCD_ini        (abs)        0000
__size_of_main           (abs)        0000
__size_of_setup          (abs)        0000
__size_of_spiInit        (abs)        0000
__size_of_spiRead        (abs)        0000
__size_of_spiReceiveWait (abs)        0000
__size_of_spiWrite       (abs)        0000
__size_of_transformADC   (abs)        0000
__stringbase             strings      0700
__stringtab              strings      06EE
_check0                  nvBANK0      0029
_data1                   bssBANK0     0026
_data2                   bssCOMMON    007A
_data3                   bssBANK0     0025
_main                    maintext     0EF2
_setup                   text8        06C4
_spiInit                 text9        0EB8
_spiRead                 text6        0E8C
_spiReceiveWait          text7        0E85
_spiWrite                text5        0E71
_transformADC            text1        001B
btemp                    (abs)        007E
end_of_initialization    cinit        0017
interrupt_function       intentry     0004
intlevel0                functab      0000
intlevel1                functab      0000
intlevel2                functab      0000
intlevel3                functab      0000
intlevel4                functab      0000
intlevel5                functab      0000
reset_vec                reset_vec    0000
saved_w                  (abs)        007E
spiInit@sClockIdle       cstackCOMMON 0073
spiInit@sDataSample      cstackCOMMON 0072
spiInit@sTransmitEdge    cstackCOMMON 0074
spiInit@sType            cstackCOMMON 0075
spiWrite@dat             cstackCOMMON 0072
start                    init         000C
start_initialization     cinit        000F
transformADC@k           cstackBANK0  0022
wtemp0                   (abs)        007E


FUNCTION INFORMATION:

 *************** function _main *****************
 Defined at:
		line 75 in file "MASTERsrc.c"
 Parameters:    Size  Location     Type
		None
 Auto vars:     Size  Location     Type
		None
 Return value:  Size  Location     Type
                  1    wreg      void 
 Registers used:
		wreg, fsr0l, fsr0h, status,2, status,0, btemp+1, pclath, cstack
 Tracked objects:
		On entry : 
		On exit  : 
		Unchanged: 
 Data sizes:     COMMON   BANK0   BANK1   BANK3   BANK2
      Params:         0       0       0       0       0
      Locals:         0       0       0       0       0
      Temps:          0       2       0       0       0
      Totals:         0       2       0       0       0
Total ram usage:        2 bytes
 Hardware stack levels required when called:    4
 This function calls:
		_LCD_Wstring
		_LCD_clear
		_LCD_cursor
		_setup
		_spiRead
		_spiWrite
		_transformADC
 This function is called by:
		Startup code after reset
 This function uses a non-reentrant model


 *************** function _transformADC *****************
 Defined at:
		line 171 in file "MASTERsrc.c"
 Parameters:    Size  Location     Type
  k               1    wreg     unsigned char 
 Auto vars:     Size  Location     Type
  k               1    2[BANK0 ] unsigned char 
 Return value:  Size  Location     Type
                  1    wreg      void 
 Registers used:
		wreg, fsr0l, fsr0h, status,2, status,0, btemp+1, pclath, cstack
 Tracked objects:
		On entry : 
		On exit  : 
		Unchanged: 
 Data sizes:     COMMON   BANK0   BANK1   BANK3   BANK2
      Params:         0       0       0       0       0
      Locals:         0       1       0       0       0
      Temps:          1       0       0       0       0
      Totals:         1       1       0       0       0
Total ram usage:        2 bytes
 Hardware stack levels used:    1
 Hardware stack levels required when called:    3
 This function calls:
		_LCD_Wstring
		_LCD_cursor
 This function is called by:
		_main
 This function uses a non-reentrant model


 *************** function _LCD_cursor *****************
 Defined at:
		line 62 in file "LCD.c"
 Parameters:    Size  Location     Type
  x               1    wreg     unsigned char 
  y               1    5[COMMON] unsigned char 
 Auto vars:     Size  Location     Type
  x               1    7[COMMON] unsigned char 
  a               1    8[COMMON] unsigned char 
 Return value:  Size  Location     Type
                  1    wreg      void 
 Registers used:
		wreg, status,2, status,0, pclath, cstack
 Tracked objects:
		On entry : 
		On exit  : 
		Unchanged: 
 Data sizes:     COMMON   BANK0   BANK1   BANK3   BANK2
      Params:         1       0       0       0       0
      Locals:         2       0       0       0       0
      Temps:          1       0       0       0       0
      Totals:         4       0       0       0       0
Total ram usage:        4 bytes
 Hardware stack levels used:    1
 Hardware stack levels required when called:    2
 This function calls:
		_LCD_cmd
 This function is called by:
		_main
		_transformADC
 This function uses a non-reentrant model


 *************** function _LCD_Wstring *****************
 Defined at:
		line 85 in file "LCD.c"
 Parameters:    Size  Location     Type
  v               2    4[COMMON] PTR unsigned char 
		 -> STR_58(5), STR_57(5), STR_56(5), STR_55(5), 
		 -> STR_54(5), STR_53(5), STR_52(5), STR_51(5), 
		 -> STR_50(5), STR_49(5), STR_48(5), STR_47(5), 
		 -> STR_46(5), STR_45(5), STR_44(5), STR_43(5), 
		 -> STR_42(5), STR_41(5), STR_40(5), STR_39(5), 
		 -> STR_38(5), STR_37(5), STR_36(5), STR_35(5), 
		 -> STR_34(5), STR_33(5), STR_32(5), STR_31(5), 
		 -> STR_30(5), STR_29(5), STR_28(5), STR_27(5), 
		 -> STR_26(5), STR_25(5), STR_24(5), STR_23(5), 
		 -> STR_22(5), STR_21(5), STR_20(5), STR_19(5), 
		 -> STR_18(5), STR_17(5), STR_16(5), STR_15(5), 
		 -> STR_14(5), STR_13(5), STR_12(4), STR_11(4), 
		 -> STR_10(4), STR_9(4), STR_8(3), STR_7(3), 
		 -> STR_6(3), STR_5(3), STR_4(3), STR_3(4), 
		 -> STR_2(4), STR_1(4), 
 Auto vars:     Size  Location     Type
  i               2    0[BANK0 ] int 
 Return value:  Size  Location     Type
                  1    wreg      void 
 Registers used:
		wreg, fsr0l, fsr0h, status,2, status,0, btemp+1, pclath, cstack
 Tracked objects:
		On entry : 
		On exit  : 
		Unchanged: 
 Data sizes:     COMMON   BANK0   BANK1   BANK3   BANK2
      Params:         2       0       0       0       0
      Locals:         0       2       0       0       0
      Temps:          3       0       0       0       0
      Totals:         5       2       0       0       0
Total ram usage:        7 bytes
 Hardware stack levels used:    1
 Hardware stack levels required when called:    2
 This function calls:
		_LCD_Wchar
 This function is called by:
		_main
		_transformADC
 This function uses a non-reentrant model


 *************** function _LCD_Wchar *****************
 Defined at:
		line 76 in file "LCD.c"
 Parameters:    Size  Location     Type
  c               1    wreg     unsigned char 
 Auto vars:     Size  Location     Type
  c               1    3[COMMON] unsigned char 
 Return value:  Size  Location     Type
                  1    wreg      void 
 Registers used:
		wreg
 Tracked objects:
		On entry : 
		On exit  : 
		Unchanged: 
 Data sizes:     COMMON   BANK0   BANK1   BANK3   BANK2
      Params:         0       0       0       0       0
      Locals:         1       0       0       0       0
      Temps:          1       0       0       0       0
      Totals:         2       0       0       0       0
Total ram usage:        2 bytes
 Hardware stack levels used:    1
 Hardware stack levels required when called:    1
 This function calls:
		Nothing
 This function is called by:
		_LCD_Wstring
 This function uses a non-reentrant model


 *************** function _spiWrite *****************
 Defined at:
		line 34 in file "SPI.c"
 Parameters:    Size  Location     Type
  dat             1    wreg     unsigned char 
 Auto vars:     Size  Location     Type
  dat             1    2[COMMON] unsigned char 
 Return value:  Size  Location     Type
                  1    wreg      void 
 Registers used:
		wreg
 Tracked objects:
		On entry : 
		On exit  : 
		Unchanged: 
 Data sizes:     COMMON   BANK0   BANK1   BANK3   BANK2
      Params:         0       0       0       0       0
      Locals:         1       0       0       0       0
      Temps:          0       0       0       0       0
      Totals:         1       0       0       0       0
Total ram usage:        1 bytes
 Hardware stack levels used:    1
 Hardware stack levels required when called:    1
 This function calls:
		Nothing
 This function is called by:
		_main
 This function uses a non-reentrant model


 *************** function _spiRead *****************
 Defined at:
		line 47 in file "SPI.c"
 Parameters:    Size  Location     Type
		None
 Auto vars:     Size  Location     Type
		None
 Return value:  Size  Location     Type
                  1    wreg      unsigned char 
 Registers used:
		wreg, status,2, status,0, pclath, cstack
 Tracked objects:
		On entry : 
		On exit  : 
		Unchanged: 
 Data sizes:     COMMON   BANK0   BANK1   BANK3   BANK2
      Params:         0       0       0       0       0
      Locals:         0       0       0       0       0
      Temps:          0       0       0       0       0
      Totals:         0       0       0       0       0
Total ram usage:        0 bytes
 Hardware stack levels used:    1
 Hardware stack levels required when called:    2
 This function calls:
		_spiReceiveWait
 This function is called by:
		_main
 This function uses a non-reentrant model


 *************** function _spiReceiveWait *****************
 Defined at:
		line 29 in file "SPI.c"
 Parameters:    Size  Location     Type
		None
 Auto vars:     Size  Location     Type
		None
 Return value:  Size  Location     Type
                  1    wreg      void 
 Registers used:
		None
 Tracked objects:
		On entry : 
		On exit  : 
		Unchanged: 
 Data sizes:     COMMON   BANK0   BANK1   BANK3   BANK2
      Params:         0       0       0       0       0
      Locals:         0       0       0       0       0
      Temps:          0       0       0       0       0
      Totals:         0       0       0       0       0
Total ram usage:        0 bytes
 Hardware stack levels used:    1
 Hardware stack levels required when called:    1
 This function calls:
		Nothing
 This function is called by:
		_spiRead
 This function uses a non-reentrant model


 *************** function _setup *****************
 Defined at:
		line 144 in file "MASTERsrc.c"
 Parameters:    Size  Location     Type
		None
 Auto vars:     Size  Location     Type
		None
 Return value:  Size  Location     Type
                  1    wreg      void 
 Registers used:
		wreg, status,2, status,0, pclath, cstack
 Tracked objects:
		On entry : 
		On exit  : 
		Unchanged: 
 Data sizes:     COMMON   BANK0   BANK1   BANK3   BANK2
      Params:         0       0       0       0       0
      Locals:         0       0       0       0       0
      Temps:          0       0       0       0       0
      Totals:         0       0       0       0       0
Total ram usage:        0 bytes
 Hardware stack levels used:    1
 Hardware stack levels required when called:    3
 This function calls:
		_LCD_ini
		_spiInit
 This function is called by:
		_main
 This function uses a non-reentrant model


 *************** function _spiInit *****************
 Defined at:
		line 12 in file "SPI.c"
 Parameters:    Size  Location     Type
  sType           1    wreg     enum E1264
  sDataSample     1    2[COMMON] enum E1272
  sClockIdle      1    3[COMMON] enum E1276
  sTransmitEdg    1    4[COMMON] enum E1280
 Auto vars:     Size  Location     Type
  sType           1    5[COMMON] enum E1264
 Return value:  Size  Location     Type
                  1    wreg      void 
 Registers used:
		wreg, status,2, status,0
 Tracked objects:
		On entry : 
		On exit  : 
		Unchanged: 
 Data sizes:     COMMON   BANK0   BANK1   BANK3   BANK2
      Params:         3       0       0       0       0
      Locals:         1       0       0       0       0
      Temps:          0       0       0       0       0
      Totals:         4       0       0       0       0
Total ram usage:        4 bytes
 Hardware stack levels used:    1
 Hardware stack levels required when called:    1
 This function calls:
		Nothing
 This function is called by:
		_setup
 This function uses a non-reentrant model


 *************** function _LCD_ini *****************
 Defined at:
		line 22 in file "LCD.c"
 Parameters:    Size  Location     Type
		None
 Auto vars:     Size  Location     Type
		None
 Return value:  Size  Location     Type
                  1    wreg      void 
 Registers used:
		wreg, status,2, status,0, pclath, cstack
 Tracked objects:
		On entry : 
		On exit  : 
		Unchanged: 
 Data sizes:     COMMON   BANK0   BANK1   BANK3   BANK2
      Params:         0       0       0       0       0
      Locals:         0       0       0       0       0
      Temps:          2       0       0       0       0
      Totals:         2       0       0       0       0
Total ram usage:        2 bytes
 Hardware stack levels used:    1
 Hardware stack levels required when called:    2
 This function calls:
		_LCD_cmd
 This function is called by:
		_setup
 This function uses a non-reentrant model


 *************** function _LCD_clear *****************
 Defined at:
		line 57 in file "LCD.c"
 Parameters:    Size  Location     Type
		None
 Auto vars:     Size  Location     Type
		None
 Return value:  Size  Location     Type
                  1    wreg      void 
 Registers used:
		wreg, status,2, status,0, pclath, cstack
 Tracked objects:
		On entry : 
		On exit  : 
		Unchanged: 
 Data sizes:     COMMON   BANK0   BANK1   BANK3   BANK2
      Params:         0       0       0       0       0
      Locals:         0       0       0       0       0
      Temps:          0       0       0       0       0
      Totals:         0       0       0       0       0
Total ram usage:        0 bytes
 Hardware stack levels used:    1
 Hardware stack levels required when called:    2
 This function calls:
		_LCD_cmd
 This function is called by:
		_main
 This function uses a non-reentrant model


 *************** function _LCD_cmd *****************
 Defined at:
		line 12 in file "LCD.c"
 Parameters:    Size  Location     Type
  cmd             1    wreg     unsigned char 
 Auto vars:     Size  Location     Type
  cmd             1    4[COMMON] unsigned char 
 Return value:  Size  Location     Type
                  1    wreg      void 
 Registers used:
		wreg
 Tracked objects:
		On entry : 
		On exit  : 
		Unchanged: 
 Data sizes:     COMMON   BANK0   BANK1   BANK3   BANK2
      Params:         0       0       0       0       0
      Locals:         1       0       0       0       0
      Temps:          2       0       0       0       0
      Totals:         3       0       0       0       0
Total ram usage:        3 bytes
 Hardware stack levels used:    1
 Hardware stack levels required when called:    1
 This function calls:
		Nothing
 This function is called by:
		_LCD_ini
		_LCD_clear
		_LCD_cursor
 This function uses a non-reentrant model


 *************** function _ISR *****************
 Defined at:
		line 66 in file "MASTERsrc.c"
 Parameters:    Size  Location     Type
		None
 Auto vars:     Size  Location     Type
		None
 Return value:  Size  Location     Type
                  1    wreg      void 
 Registers used:
		None
 Tracked objects:
		On entry : 
		On exit  : 
		Unchanged: 
 Data sizes:     COMMON   BANK0   BANK1   BANK3   BANK2
      Params:         0       0       0       0       0
      Locals:         0       0       0       0       0
      Temps:          2       0       0       0       0
      Totals:         2       0       0       0       0
Total ram usage:        2 bytes
 Hardware stack levels used:    1
 This function calls:
		Nothing
 This function is called by:
		Interrupt level 1
 This function uses a non-reentrant model



MODULE INFORMATION

Module		Function		Class		Link	Load	Size
MASTERsrc.c
		_ISR           		CODE           	0E77	0000	7
		_main          		CODE           	0EF2	0000	270
		_transformADC  		CODE           	001B	0000	1516
		_setup         		CODE           	06C4	0000	42

MASTERsrc.c estimated size: 1835

shared
		__stringtab    		STRING         	06EE	0000	18
		__initialization		CODE           	000F	0000	8

shared estimated size: 26

SPI.c
		_spiWrite      		CODE           	0E71	0000	6
		_spiInit       		CODE           	0EB8	0000	22
		_spiReceiveWait		CODE           	0E85	0000	7
		_spiRead       		CODE           	0E8C	0000	9

SPI.c estimated size: 44

LCD.c
		_LCD_clear     		CODE           	0E7E	0000	7
		_LCD_cursor    		CODE           	0ECE	0000	36
		_LCD_ini       		CODE           	0607	0000	119
		_LCD_cmd       		CODE           	0EA4	0000	20
		_LCD_Wstring   		CODE           	067E	0000	70
		_LCD_Wchar     		CODE           	0E95	0000	15

LCD.c estimated size: 267

