Microchip MPLAB XC8 Compiler V2.31

Linker command line:

-W-3 --edf=C:\Program Files\Microchip\xc8\v2.31\pic\dat\en_msgs.txt -cn \
  -h+dist/default/production\LAB3.X.production.sym \
  --cmf=dist/default/production\LAB3.X.production.cmf -z -Q16F887 \
  -oC:\Users\maqui\AppData\Local\Temp\sec0.2 --defsym=__MPLAB_BUILD=1 \
  -Mdist/default/production/LAB3.X.production.map -E1 -ver=XC8 Compiler \
  --acfsm=1493 -ASTACK=0110h-016Fh -pstack=STACK -ACODE=00h-07FFhx4 \
  -ASTRCODE=00h-01FFFh -ASTRING=00h-0FFhx32 -ACONST=00h-0FFhx32 \
  -AENTRY=00h-0FFhx32 -ACOMMON=070h-07Fh -ABANK0=020h-06Fh \
  -ABANK1=0A0h-0EFh -ABANK2=0110h-016Fh -ABANK3=0190h-01EFh \
  -ARAM=020h-06Fh,0A0h-0EFh,0110h-016Fh,0190h-01EFh \
  -AABS1=020h-07Fh,0A0h-0EFh,0110h-016Fh,0190h-01EFh -ASFR0=00h-01Fh \
  -ASFR1=080h-09Fh -ASFR2=0100h-010Fh -ASFR3=0180h-018Fh \
  -ACONFIG=02007h-02008h -DCONFIG=2 -AIDLOC=02000h-02003h -DIDLOC=2 \
  -AEEDATA=00h-0FFh/02100h -peeprom_data=EEDATA -DEEDATA=2 -DCODE=2 \
  -DSTRCODE=2 -DSTRING=2 -DCONST=2 -DENTRY=2 \
  -preset_vec=00h,intentry,init,end_init -ppowerup=CODE -pcinit=CODE \
  -pfunctab=ENTRY -k C:\Users\maqui\AppData\Local\Temp\sec0.o \
  dist/default/production\LAB3.X.production.o 

Object code version is 3.11

Machine type is 16F887



                Name                               Link     Load   Length Selector   Space Scale
C:\Users\maqui\AppData\Local\Temp\sec0.o
                end_init                              0        0        3        0       0
                config                             2007     2007        2        0       4
dist/default/production\LAB3.X.production.o
                cinit                               7F1      7F1        F      FE2       0
                config                             2007     2007        2        0       4
                text7                               6C3      6C3        F      D86       0
                text6                               70A      70A       25      E14       0
                text5                               6D2      6D2       14      DA4       0
                text4                               6AB      6AB        7      D56       0
                text3                               6E6      6E6       24      DCC       0
                text2                               77A      77A       77      EF4       0
                text1                               6BA      6BA        9      D74       0
                maintext                            72F      72F       4B      E5E       0
                cstackCOMMON                         70       70        A       70       1
                clrtext                             6B2      6B2        8      D64       0
                bssBANK0                             20       20       10       20       1
                bssCOMMON                            7A       7A        2       70       1
                strings                               3        3       12        6       0

TOTAL           Name                               Link     Load   Length     Space
        CLASS   STACK          

        CLASS   CODE           
                end_init                              0        0        3         0
                cinit                               7F1      7F1        F         0
                text7                               6C3      6C3        F         0
                text6                               70A      70A       25         0
                text5                               6D2      6D2       14         0
                text4                               6AB      6AB        7         0
                text3                               6E6      6E6       24         0
                text2                               77A      77A       77         0
                text1                               6BA      6BA        9         0
                maintext                            72F      72F       4B         0
                clrtext                             6B2      6B2        8         0

        CLASS   STRCODE        

        CLASS   STRING         
                strings                               3        3       12         0

        CLASS   CONST          

        CLASS   ENTRY          

        CLASS   COMMON         
                cstackCOMMON                         70       70        A         1
                bssCOMMON                            7A       7A        2         1

        CLASS   BANK0          
                bssBANK0                             20       20       10         1

        CLASS   BANK1          

        CLASS   BANK2          

        CLASS   BANK3          

        CLASS   RAM            

        CLASS   ABS1           
                abs_s1                               7E       7E        2         1

        CLASS   SFR0           

        CLASS   SFR1           

        CLASS   SFR2           

        CLASS   SFR3           

        CLASS   CONFIG         
                config                             2007     2007        2         4

        CLASS   IDLOC          

        CLASS   EEDATA         



SEGMENTS        Name                           Load    Length   Top    Selector   Space  Class     Delta

                reset_vec                      000000  000003  000003         0       0  CODE        2
                strings                        000003  000012  000015         6       0  STRING      2
                bssBANK0                       000020  000010  000030        20       1  BANK0       1
                cstackCOMMON                   000070  00000C  00007C        70       1  COMMON      1
                text4                          0006AB  000007  0006B2       D56       0  CODE        2
                clrtext                        0006B2  000008  0006BA       D64       0  CODE        2
                text1                          0006BA  000009  0006C3       D74       0  CODE        2
                text7                          0006C3  00000F  0006D2       D86       0  CODE        2
                text5                          0006D2  000014  0006E6       DA4       0  CODE        2
                text3                          0006E6  000024  00070A       DCC       0  CODE        2
                text6                          00070A  000025  00072F       E14       0  CODE        2
                maintext                       00072F  00004B  00077A       E5E       0  CODE        2
                text2                          00077A  000077  0007F1       EF4       0  CODE        2
                cinit                          0007F1  00000F  000800       FE2       0  CODE        2


UNUSED ADDRESS RANGES

        Name                Unused          Largest block    Delta
        BANK0            0030-006F             40           1
        BANK1            00A0-00EF             50           1
        BANK2            0110-016F             60           1
        BANK3            0190-01EF             60           1
        CODE             0015-06AA            696           2
                         0800-1FFF            800
        COMMON           007C-007D              2           1
        CONST            0015-06AA            100           2
                         0800-1FFF            100
        EEDATA           2100-21FF            100           2
        ENTRY            0015-06AA            100           2
                         0800-1FFF            100
        IDLOC            2000-2003              4           2
        RAM              0030-006F             40           1
                         00A0-00EF             50
                         0110-016F             60
                         0190-01EF             60
        SFR0             0000-001F             20           1
        SFR1             0080-009F             20           1
        SFR2             0100-010F             10           1
        SFR3             0180-018F             10           1
        STACK            0110-016F             60           1
        STRCODE          0015-06AA            696           2
                         0800-1FFF           1800
        STRING           0015-06AA            100           2
                         0800-1FFF            100

                                  Symbol Table

LCD_Wchar@c              cstackCOMMON 0071
LCD_Wstring@i            cstackCOMMON 0072
LCD_Wstring@v            cstackCOMMON 0074
LCD_cmd@cmd              cstackCOMMON 0072
LCD_cursor@a             cstackCOMMON 0076
LCD_cursor@x             cstackCOMMON 0075
LCD_cursor@y             cstackCOMMON 0073
_LCD_Wchar               text7        06C3
_LCD_Wstring             text6        070A
_LCD_clear               text4        06AB
_LCD_cmd                 text5        06D2
_LCD_cursor              text3        06E6
_LCD_ini                 text2        077A
_PORTCbits               (abs)        0007
_PORTD                   (abs)        0008
_TRISCbits               (abs)        0087
_TRISD                   (abs)        0088
__Habs1                  abs1         0000
__Hbank0                 bank0        0000
__Hbank1                 bank1        0000
__Hbank2                 bank2        0000
__Hbank3                 bank3        0000
__HbssBANK0              bssBANK0     0000
__HbssCOMMON             bssCOMMON    0000
__Hcinit                 cinit        0800
__Hclrtext               clrtext      0000
__Hcode                  code         0000
__Hcommon                common       0000
__Hconfig                config       2009
__HcstackCOMMON          cstackCOMMON 0000
__Heeprom_data           eeprom_data  0000
__Hend_init              end_init     0003
__Hfunctab               functab      0000
__Hinit                  init         0000
__Hintentry              intentry     0000
__Hmaintext              maintext     0000
__Hpowerup               powerup      0000
__Hram                   ram          0000
__Hreset_vec             reset_vec    0000
__Hsfr0                  sfr0         0000
__Hsfr1                  sfr1         0000
__Hsfr2                  sfr2         0000
__Hsfr3                  sfr3         0000
__Hspace_0               (abs)        0800
__Hspace_1               (abs)        007C
__Hspace_2               (abs)        0000
__Hspace_3               (abs)        0000
__Hspace_4               (abs)        4010
__Hstack                 stack        0000
__Hstrings               strings      0000
__Htext                  text         0000
__Labs1                  abs1         0000
__Lbank0                 bank0        0000
__Lbank1                 bank1        0000
__Lbank2                 bank2        0000
__Lbank3                 bank3        0000
__LbssBANK0              bssBANK0     0000
__LbssCOMMON             bssCOMMON    0000
__Lcinit                 cinit        07F1
__Lclrtext               clrtext      0000
__Lcode                  code         0000
__Lcommon                common       0000
__Lconfig                config       0000
__LcstackCOMMON          cstackCOMMON 0000
__Leeprom_data           eeprom_data  0000
__Lend_init              end_init     0000
__Lfunctab               functab      0000
__Linit                  init         0000
__Lintentry              intentry     0000
__Lmaintext              maintext     0000
__Lpowerup               powerup      0000
__Lram                   ram          0000
__Lreset_vec             reset_vec    0000
__Lsfr0                  sfr0         0000
__Lsfr1                  sfr1         0000
__Lsfr2                  sfr2         0000
__Lsfr3                  sfr3         0000
__Lspace_0               (abs)        0000
__Lspace_1               (abs)        0000
__Lspace_2               (abs)        0000
__Lspace_3               (abs)        0000
__Lspace_4               (abs)        0000
__Lstack                 stack        0000
__Lstrings               strings      0000
__Ltext                  text         0000
__S0                     (abs)        0800
__S1                     (abs)        007C
__S2                     (abs)        0000
__S3                     (abs)        0000
___int_sp                stack        0000
___latbits               (abs)        0002
___sp                    stack        0000
___stackhi               (abs)        0000
___stacklo               (abs)        0000
__end_of_LCD_Wchar       text7        06D2
__end_of_LCD_Wstring     text6        072F
__end_of_LCD_clear       text4        06B2
__end_of_LCD_cmd         text5        06E6
__end_of_LCD_cursor      text3        070A
__end_of_LCD_ini         text2        07F1
__end_of__initialization cinit        07FC
__end_of__stringtab      strings      0009
__end_of_main            maintext     077A
__end_of_setup           text1        06C3
__initialization         cinit        07F1
__pbssBANK0              bssBANK0     0020
__pbssCOMMON             bssCOMMON    007A
__pcstackCOMMON          cstackCOMMON 0070
__pmaintext              maintext     072F
__pstrings               strings      0003
__ptext1                 text1        06BA
__ptext2                 text2        077A
__ptext3                 text3        06E6
__ptext4                 text4        06AB
__ptext5                 text5        06D2
__ptext6                 text6        070A
__ptext7                 text7        06C3
__size_of_LCD_Wchar      (abs)        0000
__size_of_LCD_Wstring    (abs)        0000
__size_of_LCD_clear      (abs)        0000
__size_of_LCD_cmd        (abs)        0000
__size_of_LCD_cursor     (abs)        0000
__size_of_LCD_ini        (abs)        0000
__size_of_main           (abs)        0000
__size_of_setup          (abs)        0000
__stringbase             strings      0008
__stringtab              strings      0003
_main                    maintext     072F
_setup                   text1        06BA
btemp                    (abs)        007E
clear_ram0               clrtext      06B2
end_of_initialization    cinit        07FC
intlevel0                functab      0000
intlevel1                functab      0000
intlevel2                functab      0000
intlevel3                functab      0000
intlevel4                functab      0000
intlevel5                functab      0000
reset_vec                reset_vec    0000
start                    init         0000
start_initialization     cinit        07F1
wtemp0                   (abs)        007E


FUNCTION INFORMATION:

 *************** function _main *****************
 Defined at:
		line 61 in file "LAB3src.c"
 Parameters:    Size  Location     Type
		None
 Auto vars:     Size  Location     Type
		None
 Return value:  Size  Location     Type
                  1    wreg      void 
 Registers used:
		wreg, fsr0l, fsr0h, status,2, status,0, pclath, cstack
 Tracked objects:
		On entry : 
		On exit  : 
		Unchanged: 
 Data sizes:     COMMON   BANK0   BANK1   BANK3   BANK2
      Params:         0       0       0       0       0
      Locals:         0       0       0       0       0
      Temps:          3       0       0       0       0
      Totals:         3       0       0       0       0
Total ram usage:        3 bytes
 Hardware stack levels required when called:    3
 This function calls:
		_LCD_Wstring
		_LCD_clear
		_LCD_cursor
		_setup
 This function is called by:
		Startup code after reset
 This function uses a non-reentrant model


 *************** function _setup *****************
 Defined at:
		line 82 in file "LAB3src.c"
 Parameters:    Size  Location     Type
		None
 Auto vars:     Size  Location     Type
		None
 Return value:  Size  Location     Type
                  1    wreg      void 
 Registers used:
		wreg, status,2, status,0, pclath, cstack
 Tracked objects:
		On entry : 
		On exit  : 
		Unchanged: 
 Data sizes:     COMMON   BANK0   BANK1   BANK3   BANK2
      Params:         0       0       0       0       0
      Locals:         0       0       0       0       0
      Temps:          0       0       0       0       0
      Totals:         0       0       0       0       0
Total ram usage:        0 bytes
 Hardware stack levels used:    1
 Hardware stack levels required when called:    2
 This function calls:
		_LCD_ini
 This function is called by:
		_main
 This function uses a non-reentrant model


 *************** function _LCD_ini *****************
 Defined at:
		line 22 in file "LAB3lib.c"
 Parameters:    Size  Location     Type
		None
 Auto vars:     Size  Location     Type
		None
 Return value:  Size  Location     Type
                  1    wreg      void 
 Registers used:
		wreg, status,2, status,0, pclath, cstack
 Tracked objects:
		On entry : 
		On exit  : 
		Unchanged: 
 Data sizes:     COMMON   BANK0   BANK1   BANK3   BANK2
      Params:         0       0       0       0       0
      Locals:         0       0       0       0       0
      Temps:          2       0       0       0       0
      Totals:         2       0       0       0       0
Total ram usage:        2 bytes
 Hardware stack levels used:    1
 Hardware stack levels required when called:    1
 This function calls:
		_LCD_cmd
 This function is called by:
		_setup
 This function uses a non-reentrant model


 *************** function _LCD_cursor *****************
 Defined at:
		line 62 in file "LAB3lib.c"
 Parameters:    Size  Location     Type
  x               1    wreg     unsigned char 
  y               1    3[COMMON] unsigned char 
 Auto vars:     Size  Location     Type
  x               1    5[COMMON] unsigned char 
  a               1    6[COMMON] unsigned char 
 Return value:  Size  Location     Type
                  1    wreg      void 
 Registers used:
		wreg, status,2, status,0, pclath, cstack
 Tracked objects:
		On entry : 
		On exit  : 
		Unchanged: 
 Data sizes:     COMMON   BANK0   BANK1   BANK3   BANK2
      Params:         1       0       0       0       0
      Locals:         2       0       0       0       0
      Temps:          1       0       0       0       0
      Totals:         4       0       0       0       0
Total ram usage:        4 bytes
 Hardware stack levels used:    1
 Hardware stack levels required when called:    1
 This function calls:
		_LCD_cmd
 This function is called by:
		_main
 This function uses a non-reentrant model


 *************** function _LCD_clear *****************
 Defined at:
		line 57 in file "LAB3lib.c"
 Parameters:    Size  Location     Type
		None
 Auto vars:     Size  Location     Type
		None
 Return value:  Size  Location     Type
                  1    wreg      void 
 Registers used:
		wreg, status,2, status,0, pclath, cstack
 Tracked objects:
		On entry : 
		On exit  : 
		Unchanged: 
 Data sizes:     COMMON   BANK0   BANK1   BANK3   BANK2
      Params:         0       0       0       0       0
      Locals:         0       0       0       0       0
      Temps:          0       0       0       0       0
      Totals:         0       0       0       0       0
Total ram usage:        0 bytes
 Hardware stack levels used:    1
 Hardware stack levels required when called:    1
 This function calls:
		_LCD_cmd
 This function is called by:
		_main
 This function uses a non-reentrant model


 *************** function _LCD_cmd *****************
 Defined at:
		line 12 in file "LAB3lib.c"
 Parameters:    Size  Location     Type
  cmd             1    wreg     unsigned char 
 Auto vars:     Size  Location     Type
  cmd             1    2[COMMON] unsigned char 
 Return value:  Size  Location     Type
                  1    wreg      void 
 Registers used:
		wreg
 Tracked objects:
		On entry : 
		On exit  : 
		Unchanged: 
 Data sizes:     COMMON   BANK0   BANK1   BANK3   BANK2
      Params:         0       0       0       0       0
      Locals:         1       0       0       0       0
      Temps:          2       0       0       0       0
      Totals:         3       0       0       0       0
Total ram usage:        3 bytes
 Hardware stack levels used:    1
 This function calls:
		Nothing
 This function is called by:
		_LCD_ini
		_LCD_clear
		_LCD_cursor
 This function uses a non-reentrant model


 *************** function _LCD_Wstring *****************
 Defined at:
		line 85 in file "LAB3lib.c"
 Parameters:    Size  Location     Type
  v               1    wreg     PTR unsigned char 
		 -> STR_2(10), STR_1(2), 
 Auto vars:     Size  Location     Type
  v               1    4[COMMON] PTR unsigned char 
		 -> STR_2(10), STR_1(2), 
  i               2    2[COMMON] int 
 Return value:  Size  Location     Type
                  1    wreg      void 
 Registers used:
		wreg, fsr0l, fsr0h, status,2, status,0, pclath, cstack
 Tracked objects:
		On entry : 
		On exit  : 
		Unchanged: 
 Data sizes:     COMMON   BANK0   BANK1   BANK3   BANK2
      Params:         0       0       0       0       0
      Locals:         3       0       0       0       0
      Temps:          0       0       0       0       0
      Totals:         3       0       0       0       0
Total ram usage:        3 bytes
 Hardware stack levels used:    1
 Hardware stack levels required when called:    1
 This function calls:
		_LCD_Wchar
 This function is called by:
		_main
 This function uses a non-reentrant model


 *************** function _LCD_Wchar *****************
 Defined at:
		line 76 in file "LAB3lib.c"
 Parameters:    Size  Location     Type
  c               1    wreg     unsigned char 
 Auto vars:     Size  Location     Type
  c               1    1[COMMON] unsigned char 
 Return value:  Size  Location     Type
                  1    wreg      void 
 Registers used:
		wreg
 Tracked objects:
		On entry : 
		On exit  : 
		Unchanged: 
 Data sizes:     COMMON   BANK0   BANK1   BANK3   BANK2
      Params:         0       0       0       0       0
      Locals:         1       0       0       0       0
      Temps:          1       0       0       0       0
      Totals:         2       0       0       0       0
Total ram usage:        2 bytes
 Hardware stack levels used:    1
 This function calls:
		Nothing
 This function is called by:
		_LCD_Wstring
 This function uses a non-reentrant model



MODULE INFORMATION

Module		Function		Class		Link	Load	Size
LAB3lib.c
		_LCD_clear     		CODE           	06AB	0000	7
		_LCD_cursor    		CODE           	06E6	0000	36
		_LCD_ini       		CODE           	077A	0000	119
		_LCD_cmd       		CODE           	06D2	0000	20
		_LCD_Wstring   		CODE           	070A	0000	37
		_LCD_Wchar     		CODE           	06C3	0000	15

LAB3lib.c estimated size: 234

shared
		__stringtab    		STRING         	0003	0000	6
		__initialization		CODE           	07F1	0000	11

shared estimated size: 17

LAB3src.c
		_main          		CODE           	072F	0000	75
		_setup         		CODE           	06BA	0000	9

LAB3src.c estimated size: 84

